
echo "=== System check complete ==="
=== Checking installed packages ===
/usr/sbin/nginx
✓ Nginx installed
/usr/bin/psql
✓ PostgreSQL installed
/usr/bin/python3
✓ Python3 installed
✓ Python venv available
● postgresql.service - PostgreSQL RDBMS
     Loaded: loaded (/lib/systemd/system/postgresql.service; enabled; preset: enabled)
     Active: active (exited) since Tue 2025-10-21 05:55:52 UTC; 7min ago
   Main PID: 593 (code=exited, status=0/SUCCESS)
        CPU: 1ms

Oct 21 05:55:52 lux systemd[1]: Starting postgresql.service - PostgreSQL RDBMS...
Oct 21 05:55:52 lux systemd[1]: Finished postgresql.service - PostgreSQL RDBMS.
uid=1001(luxapp) gid=1001(luxapp) groups=1001(luxapp),27(sudo),33(www-data)
✓ luxapp user exists
Need deployment package
=== System check complete ===
root@lux:~# scp current-lux-complete.tar.gz root@194.195.92.52:/tmp/
root@194.195.92.52's password: 
scp: stat local "current-lux-complete.tar.gz": No such file or directory
root@lux:~# cd /tmp
wget --no-check-certificate "https://781753a1-0489-4127-875e-1eeb324bfa23-00-3lq04eb7ofcnx.riker.replit.dev/current-lux-complete.tar.gz" -O current-lux-complete.tar.gz 2>&1 | tail -20
--2025-10-21 06:10:29--  https://781753a1-0489-4127-875e-1eeb324bfa23-00-3lq04eb7ofcnx.riker.replit.dev/current-lux-complete.tar.gz
Resolving 781753a1-0489-4127-875e-1eeb324bfa23-00-3lq04eb7ofcnx.riker.replit.dev (781753a1-0489-4127-875e-1eeb324bfa23-00-3lq04eb7ofcnx.riker.replit.dev)... 34.173.153.191
Connecting to 781753a1-0489-4127-875e-1eeb324bfa23-00-3lq04eb7ofcnx.riker.replit.dev (781753a1-0489-4127-875e-1eeb324bfa23-00-3lq04eb7ofcnx.riker.replit.dev)|34.173.153.191|:443... connected.
HTTP request sent, awaiting response... 404 Not Found
2025-10-21 06:10:30 ERROR 404: Not Found.

root@lux:/tmp# ls -lh /tmp/*.tar.gz 2>/dev/null || echo "No tar.gz files in /tmp"
-rw-r--r-- 1 root root 35M Oct 21 06:10 /tmp/current-lux-complete.tar.gz
root@lux:/tmp# cd
root@lux:~# ls -lh /tmp/*.tar.gz 2>/dev/null || echo "No tar.gz files in /tmp"
-rw-r--r-- 1 root root 35M Oct 21 06:10 /tmp/current-lux-complete.tar.gz
root@lux:~# ls -lh /tmp/*.tar.gz 2>/dev/null || echo "No tar.gz files in /tmp"
-rw-r--r-- 1 root root 35M Oct 21 06:10 /tmp/current-lux-complete.tar.gz
root@lux:~# # Create app directory structure
mkdir -p /var/www/lux-marketing
mkdir -p /var/log/lux-marketing
mkdir -p /etc/lux

# Extract the deployment package
cd /var/www/lux-marketing
tar -xzf /tmp/current-lux-complete.tar.gz
echo "✓ Files extracted"

# Set ownership
chown -R luxapp:www-data /var/www/lux-marketing
chown -R luxapp:www-data /var/log/lux-marketing
echo "✓ Ownership set"

# Create Python virtual environment
cd /var/www/lux-marketing
sudo -u luxapp python3 -m venv venv
echo "✓ Virtual environment created"

# Install Python dependencies
sudo -u luxapp bash << 'EOF'
source /var/www/lux-marketing/venv/bin/activate
pip install --upgrade pip
pip install gunicorn flask flask-sqlalchemy flask-login flask-wtf psycopg2-binary sqlalchemy werkzeug msal apscheduler openai requests twilio email-validator
echo "✓ Dependencies installed"
EOF

# Verify installation
ls -lah /var/www/lux-marketing/ | head -20
echo ""
echo "=== Deployment Phase 3 Complete ==="

gzip: stdin: not in gzip format
tar: Child returned status 1
tar: Error is not recoverable: exiting now
✓ Files extracted
✓ Ownership set
✓ Virtual environment created
Requirement already satisfied: pip in ./venv/lib/python3.11/site-packages (23.0.1)
Collecting pip
  Using cached pip-25.2-py3-none-any.whl (1.8 MB)
Installing collected packages: pip
  Attempting uninstall: pip
    Found existing installation: pip 23.0.1
    Uninstalling pip-23.0.1:
      Successfully uninstalled pip-23.0.1
Successfully installed pip-25.2
Collecting gunicorn
  Using cached gunicorn-23.0.0-py3-none-any.whl.metadata (4.4 kB)
Collecting flask
  Using cached flask-3.1.2-py3-none-any.whl.metadata (3.2 kB)
Collecting flask-sqlalchemy
  Using cached flask_sqlalchemy-3.1.1-py3-none-any.whl.metadata (3.4 kB)
Collecting flask-login
  Using cached Flask_Login-0.6.3-py3-none-any.whl.metadata (5.8 kB)
Collecting flask-wtf
  Using cached flask_wtf-1.2.2-py3-none-any.whl.metadata (3.4 kB)
Collecting psycopg2-binary
  Downloading psycopg2_binary-2.9.11-cp311-cp311-manylinux2014_x86_64.manylinux_2_17_x86_64.whl.metadata (4.9 kB)
Collecting sqlalchemy
  Downloading sqlalchemy-2.0.44-cp311-cp311-manylinux_2_17_x86_64.manylinux2014_x86_64.whl.metadata (9.5 kB)
Collecting werkzeug
  Using cached werkzeug-3.1.3-py3-none-any.whl.metadata (3.7 kB)
Collecting msal
  Using cached msal-1.34.0-py3-none-any.whl.metadata (11 kB)
Collecting apscheduler
  Using cached APScheduler-3.11.0-py3-none-any.whl.metadata (6.4 kB)
Collecting openai
  Downloading openai-2.6.0-py3-none-any.whl.metadata (29 kB)
Collecting requests
  Using cached requests-2.32.5-py3-none-any.whl.metadata (4.9 kB)
Collecting twilio
  Downloading twilio-9.8.4-py2.py3-none-any.whl.metadata (13 kB)
Collecting email-validator
  Using cached email_validator-2.3.0-py3-none-any.whl.metadata (26 kB)
Collecting packaging (from gunicorn)
  Using cached packaging-25.0-py3-none-any.whl.metadata (3.3 kB)
Collecting blinker>=1.9.0 (from flask)
  Using cached blinker-1.9.0-py3-none-any.whl.metadata (1.6 kB)
Collecting click>=8.1.3 (from flask)
  Using cached click-8.3.0-py3-none-any.whl.metadata (2.6 kB)
Collecting itsdangerous>=2.2.0 (from flask)
  Using cached itsdangerous-2.2.0-py3-none-any.whl.metadata (1.9 kB)
Collecting jinja2>=3.1.2 (from flask)
  Using cached jinja2-3.1.6-py3-none-any.whl.metadata (2.9 kB)
Collecting markupsafe>=2.1.1 (from flask)
  Downloading markupsafe-3.0.3-cp311-cp311-manylinux2014_x86_64.manylinux_2_17_x86_64.manylinux_2_28_x86_64.whl.metadata (2.7 kB)
Collecting wtforms (from flask-wtf)
  Using cached wtforms-3.2.1-py3-none-any.whl.metadata (5.3 kB)
Collecting greenlet>=1 (from sqlalchemy)
  Using cached greenlet-3.2.4-cp311-cp311-manylinux_2_24_x86_64.manylinux_2_28_x86_64.whl.metadata (4.1 kB)
Collecting typing-extensions>=4.6.0 (from sqlalchemy)
  Using cached typing_extensions-4.15.0-py3-none-any.whl.metadata (3.3 kB)
Collecting PyJWT<3,>=1.0.0 (from PyJWT[crypto]<3,>=1.0.0->msal)
  Using cached PyJWT-2.10.1-py3-none-any.whl.metadata (4.0 kB)
Collecting cryptography<49,>=2.5 (from msal)
  Downloading cryptography-46.0.3-cp311-abi3-manylinux_2_34_x86_64.whl.metadata (5.7 kB)
Collecting charset_normalizer<4,>=2 (from requests)
  Downloading charset_normalizer-3.4.4-cp311-cp311-manylinux2014_x86_64.manylinux_2_17_x86_64.manylinux_2_28_x86_64.whl.metadata (37 kB)
Collecting idna<4,>=2.5 (from requests)
  Downloading idna-3.11-py3-none-any.whl.metadata (8.4 kB)
Collecting urllib3<3,>=1.21.1 (from requests)
  Using cached urllib3-2.5.0-py3-none-any.whl.metadata (6.5 kB)
Collecting certifi>=2017.4.17 (from requests)
  Downloading certifi-2025.10.5-py3-none-any.whl.metadata (2.5 kB)
Collecting cffi>=2.0.0 (from cryptography<49,>=2.5->msal)
  Using cached cffi-2.0.0-cp311-cp311-manylinux2014_x86_64.manylinux_2_17_x86_64.whl.metadata (2.6 kB)
Collecting tzlocal>=3.0 (from apscheduler)
  Using cached tzlocal-5.3.1-py3-none-any.whl.metadata (7.6 kB)
Collecting anyio<5,>=3.5.0 (from openai)
  Using cached anyio-4.11.0-py3-none-any.whl.metadata (4.1 kB)
Collecting distro<2,>=1.7.0 (from openai)
  Using cached distro-1.9.0-py3-none-any.whl.metadata (6.8 kB)
Collecting httpx<1,>=0.23.0 (from openai)
  Using cached httpx-0.28.1-py3-none-any.whl.metadata (7.1 kB)
Collecting jiter<1,>=0.10.0 (from openai)
  Downloading jiter-0.11.1-cp311-cp311-manylinux_2_17_x86_64.manylinux2014_x86_64.whl.metadata (5.2 kB)
Collecting pydantic<3,>=1.9.0 (from openai)
  Downloading pydantic-2.12.3-py3-none-any.whl.metadata (87 kB)
Collecting sniffio (from openai)
  Using cached sniffio-1.3.1-py3-none-any.whl.metadata (3.9 kB)
Collecting tqdm>4 (from openai)
  Using cached tqdm-4.67.1-py3-none-any.whl.metadata (57 kB)
Collecting httpcore==1.* (from httpx<1,>=0.23.0->openai)
  Using cached httpcore-1.0.9-py3-none-any.whl.metadata (21 kB)
Collecting h11>=0.16 (from httpcore==1.*->httpx<1,>=0.23.0->openai)
  Using cached h11-0.16.0-py3-none-any.whl.metadata (8.3 kB)
Collecting annotated-types>=0.6.0 (from pydantic<3,>=1.9.0->openai)
  Using cached annotated_types-0.7.0-py3-none-any.whl.metadata (15 kB)
Collecting pydantic-core==2.41.4 (from pydantic<3,>=1.9.0->openai)
  Downloading pydantic_core-2.41.4-cp311-cp311-manylinux_2_17_x86_64.manylinux2014_x86_64.whl.metadata (7.3 kB)
Collecting typing-inspection>=0.4.2 (from pydantic<3,>=1.9.0->openai)
  Downloading typing_inspection-0.4.2-py3-none-any.whl.metadata (2.6 kB)
Collecting aiohttp>=3.8.4 (from twilio)
  Downloading aiohttp-3.13.1-cp311-cp311-manylinux2014_x86_64.manylinux_2_17_x86_64.manylinux_2_28_x86_64.whl.metadata (8.1 kB)
Collecting aiohttp-retry>=2.8.3 (from twilio)
  Using cached aiohttp_retry-2.9.1-py3-none-any.whl.metadata (8.8 kB)
Collecting dnspython>=2.0.0 (from email-validator)
  Using cached dnspython-2.8.0-py3-none-any.whl.metadata (5.7 kB)
Collecting aiohappyeyeballs>=2.5.0 (from aiohttp>=3.8.4->twilio)
  Using cached aiohappyeyeballs-2.6.1-py3-none-any.whl.metadata (5.9 kB)
Collecting aiosignal>=1.4.0 (from aiohttp>=3.8.4->twilio)
  Using cached aiosignal-1.4.0-py3-none-any.whl.metadata (3.7 kB)
Collecting attrs>=17.3.0 (from aiohttp>=3.8.4->twilio)
  Downloading attrs-25.4.0-py3-none-any.whl.metadata (10 kB)
Collecting frozenlist>=1.1.1 (from aiohttp>=3.8.4->twilio)
  Downloading frozenlist-1.8.0-cp311-cp311-manylinux1_x86_64.manylinux_2_28_x86_64.manylinux_2_5_x86_64.whl.metadata (20 kB)
Collecting multidict<7.0,>=4.5 (from aiohttp>=3.8.4->twilio)
  Downloading multidict-6.7.0-cp311-cp311-manylinux2014_x86_64.manylinux_2_17_x86_64.manylinux_2_28_x86_64.whl.metadata (5.3 kB)
Collecting propcache>=0.2.0 (from aiohttp>=3.8.4->twilio)
  Downloading propcache-0.4.1-cp311-cp311-manylinux2014_x86_64.manylinux_2_17_x86_64.manylinux_2_28_x86_64.whl.metadata (13 kB)
Collecting yarl<2.0,>=1.17.0 (from aiohttp>=3.8.4->twilio)
  Downloading yarl-1.22.0-cp311-cp311-manylinux2014_x86_64.manylinux_2_17_x86_64.manylinux_2_28_x86_64.whl.metadata (75 kB)
Collecting pycparser (from cffi>=2.0.0->cryptography<49,>=2.5->msal)
  Using cached pycparser-2.23-py3-none-any.whl.metadata (993 bytes)
Using cached gunicorn-23.0.0-py3-none-any.whl (85 kB)
Using cached flask-3.1.2-py3-none-any.whl (103 kB)
Using cached flask_sqlalchemy-3.1.1-py3-none-any.whl (25 kB)
Using cached Flask_Login-0.6.3-py3-none-any.whl (17 kB)
Using cached flask_wtf-1.2.2-py3-none-any.whl (12 kB)
Downloading psycopg2_binary-2.9.11-cp311-cp311-manylinux2014_x86_64.manylinux_2_17_x86_64.whl (4.2 MB)
   ━━━━━━━━━━━━━━━━━━━━━━━━━━━━━━━━━━━━━━━━ 4.2/4.2 MB 22.7 MB/s  0:00:00
Downloading sqlalchemy-2.0.44-cp311-cp311-manylinux_2_17_x86_64.manylinux2014_x86_64.whl (3.3 MB)
   ━━━━━━━━━━━━━━━━━━━━━━━━━━━━━━━━━━━━━━━━ 3.3/3.3 MB 49.6 MB/s  0:00:00
Using cached werkzeug-3.1.3-py3-none-any.whl (224 kB)
Using cached msal-1.34.0-py3-none-any.whl (116 kB)
Using cached requests-2.32.5-py3-none-any.whl (64 kB)
Downloading charset_normalizer-3.4.4-cp311-cp311-manylinux2014_x86_64.manylinux_2_17_x86_64.manylinux_2_28_x86_64.whl (151 kB)
Downloading cryptography-46.0.3-cp311-abi3-manylinux_2_34_x86_64.whl (4.5 MB)
   ━━━━━━━━━━━━━━━━━━━━━━━━━━━━━━━━━━━━━━━━ 4.5/4.5 MB 47.4 MB/s  0:00:00
Downloading idna-3.11-py3-none-any.whl (71 kB)
Using cached PyJWT-2.10.1-py3-none-any.whl (22 kB)
Using cached urllib3-2.5.0-py3-none-any.whl (129 kB)
Using cached APScheduler-3.11.0-py3-none-any.whl (64 kB)
Downloading openai-2.6.0-py3-none-any.whl (1.0 MB)
   ━━━━━━━━━━━━━━━━━━━━━━━━━━━━━━━━━━━━━━━━ 1.0/1.0 MB 53.9 MB/s  0:00:00
Using cached anyio-4.11.0-py3-none-any.whl (109 kB)
Using cached distro-1.9.0-py3-none-any.whl (20 kB)
Using cached httpx-0.28.1-py3-none-any.whl (73 kB)
Using cached httpcore-1.0.9-py3-none-any.whl (78 kB)
Downloading jiter-0.11.1-cp311-cp311-manylinux_2_17_x86_64.manylinux2014_x86_64.whl (359 kB)
Downloading pydantic-2.12.3-py3-none-any.whl (462 kB)
Downloading pydantic_core-2.41.4-cp311-cp311-manylinux_2_17_x86_64.manylinux2014_x86_64.whl (2.1 MB)
   ━━━━━━━━━━━━━━━━━━━━━━━━━━━━━━━━━━━━━━━━ 2.1/2.1 MB 37.8 MB/s  0:00:00
Using cached typing_extensions-4.15.0-py3-none-any.whl (44 kB)
Downloading twilio-9.8.4-py2.py3-none-any.whl (1.8 MB)
   ━━━━━━━━━━━━━━━━━━━━━━━━━━━━━━━━━━━━━━━━ 1.8/1.8 MB 38.3 MB/s  0:00:00
Using cached email_validator-2.3.0-py3-none-any.whl (35 kB)
Downloading aiohttp-3.13.1-cp311-cp311-manylinux2014_x86_64.manylinux_2_17_x86_64.manylinux_2_28_x86_64.whl (1.7 MB)
   ━━━━━━━━━━━━━━━━━━━━━━━━━━━━━━━━━━━━━━━━ 1.7/1.7 MB 1.4 MB/s  0:00:01
Downloading multidict-6.7.0-cp311-cp311-manylinux2014_x86_64.manylinux_2_17_x86_64.manylinux_2_28_x86_64.whl (246 kB)
Downloading yarl-1.22.0-cp311-cp311-manylinux2014_x86_64.manylinux_2_17_x86_64.manylinux_2_28_x86_64.whl (365 kB)
Using cached aiohappyeyeballs-2.6.1-py3-none-any.whl (15 kB)
Using cached aiohttp_retry-2.9.1-py3-none-any.whl (10.0 kB)
Using cached aiosignal-1.4.0-py3-none-any.whl (7.5 kB)
Using cached annotated_types-0.7.0-py3-none-any.whl (13 kB)
Downloading attrs-25.4.0-py3-none-any.whl (67 kB)
Using cached blinker-1.9.0-py3-none-any.whl (8.5 kB)
Downloading certifi-2025.10.5-py3-none-any.whl (163 kB)
Using cached cffi-2.0.0-cp311-cp311-manylinux2014_x86_64.manylinux_2_17_x86_64.whl (215 kB)
Using cached click-8.3.0-py3-none-any.whl (107 kB)
Using cached dnspython-2.8.0-py3-none-any.whl (331 kB)
Downloading frozenlist-1.8.0-cp311-cp311-manylinux1_x86_64.manylinux_2_28_x86_64.manylinux_2_5_x86_64.whl (231 kB)
Using cached greenlet-3.2.4-cp311-cp311-manylinux_2_24_x86_64.manylinux_2_28_x86_64.whl (587 kB)
Using cached h11-0.16.0-py3-none-any.whl (37 kB)
Using cached itsdangerous-2.2.0-py3-none-any.whl (16 kB)
Using cached jinja2-3.1.6-py3-none-any.whl (134 kB)
Downloading markupsafe-3.0.3-cp311-cp311-manylinux2014_x86_64.manylinux_2_17_x86_64.manylinux_2_28_x86_64.whl (22 kB)
Downloading propcache-0.4.1-cp311-cp311-manylinux2014_x86_64.manylinux_2_17_x86_64.manylinux_2_28_x86_64.whl (210 kB)
Using cached sniffio-1.3.1-py3-none-any.whl (10 kB)
Using cached tqdm-4.67.1-py3-none-any.whl (78 kB)
Downloading typing_inspection-0.4.2-py3-none-any.whl (14 kB)
Using cached tzlocal-5.3.1-py3-none-any.whl (18 kB)
Using cached packaging-25.0-py3-none-any.whl (66 kB)
Using cached pycparser-2.23-py3-none-any.whl (118 kB)
Using cached wtforms-3.2.1-py3-none-any.whl (152 kB)
Installing collected packages: urllib3, tzlocal, typing-extensions, tqdm, sniffio, PyJWT, pycparser, psycopg2-binary, propcache, packaging, multidict, markupsafe, jiter, itsdangerous, idna, h11, greenlet, frozenlist, dnspython, distro, click, charset_normalizer, certifi, blinker, attrs, annotated-types, aiohappyeyeballs, yarl, wtforms, werkzeug, typing-inspection, sqlalchemy, requests, pydantic-core, jinja2, httpcore, gunicorn, email-validator, cffi, apscheduler, anyio, aiosignal, pydantic, httpx, flask, cryptography, aiohttp, openai, flask-wtf, flask-sqlalchemy, flask-login, aiohttp-retry, twilio, msal
Successfully installed PyJWT-2.10.1 aiohappyeyeballs-2.6.1 aiohttp-3.13.1 aiohttp-retry-2.9.1 aiosignal-1.4.0 annotated-types-0.7.0 anyio-4.11.0 apscheduler-3.11.0 attrs-25.4.0 blinker-1.9.0 certifi-20
25.10.5 cffi-2.0.0 charset_normalizer-3.4.4 click-8.3.0 cryptography-46.0.3 distro-1.9.0 dnspython-2.8.0 email-validator-2.3.0 flask-3.1.2 flask-login-0.6.3 flask-sqlalchemy-3.1.1 flask-wtf-1.2.2 frozenlist-1.8.0 greenlet-3.2.4 gunicorn-23.0.0 h11-0.16.0 httpcore-1.0.9 httpx-0.28.1 idna-3.11 itsdangerous-2.2.0 jinja2-3.1.6 jiter-0.11.1 markupsafe-3.0.3 msal-1.34.0 multidict-6.7.0 openai-2.6.0 packaging-25.0 propcache-0.4.1 psycopg2-binary-2.9.11 pycparser-2.23 pydantic-2.12.3 pydantic-core-2.41.4 requests-2.32.5 sniffio-1.3.1 sqlalchemy-2.0.44 tqdm-4.67.1 twilio-9.8.4 typing-extensions-4.15.0 typing-inspection-0.4.2 tzlocal-5.3.1 urllib3-2.5.0 werkzeug-3.1.3 wtforms-3.2.1 yarl-1.22.0
✓ Dependencies installed
total 12K
drwxr-xr-x 3 luxapp www-data 4.0K Oct 21 06:15 .
drwxr-xr-x 4 root   root     4.0K Oct 21 06:15 ..
drwxr-xr-x 5 luxapp luxapp   4.0K Oct 21 06:15 venv

=== Deployment Phase 3 Complete ===